<?xml version="1.0" ?>
<testsuites failures="0" name="TestXML" tests="1" time="0.076">
	<testsuite name="TestFNodeMath" failures="0"  tests="1" time="0">
		<testcase name="FNodeMath value should be a number" time="0"></testcase>
	</testsuite>

</testsuites>